# Copyright 2021 The Lynx Authors. All rights reserved.
# Licensed under the Apache License Version 2.0 that can be found in the
# LICENSE file in the root directory of this source tree.


### add golden test case to skity_golden_test
add_subdirectory(shape)
add_subdirectory(gradient)
add_subdirectory(clip)
add_subdirectory(image_filter)
