# Copyright 2021 The Lynx Authors. All rights reserved.
# Licensed under the Apache License Version 2.0 that can be found in the
# LICENSE file in the root directory of this source tree.


add_golden_test(
  NAME shape
  SOURCES ${CMAKE_CURRENT_LIST_DIR}/shape.cc
)
